// Jest Snapshot v1, https://goo.gl/fbAQLP

exports[`Details renders correct structure 1`] = `ShallowWrapper {}`;

exports[`renders correct structure 1`] = `ShallowWrapper {}`;
