// Jest Snapshot v1, https://goo.gl/fbAQLP

exports[`renders correct structure 1`] = `ShallowWrapper {}`;
